<html>
<body>
<pre>
<h1>礦ision Build Log</h1>
<h2>Project:</h2>
I:\stm32_project\RTC\Template.uvproj
Project File Date:  11/11/2015

<h2>Output:</h2>
Rebuild target 'Target 1'
compiling main.c...
compiling stm32f10x_it.c...
compiling public.c...
compiling core_cm3.c...
compiling system_stm32f10x.c...
assembling startup_stm32f10x_hd.s...
compiling stm32f10x_gpio.c...
compiling stm32f10x_rcc.c...
compiling stm32f10x_usart.c...
compiling misc.c...
compiling stm32f10x_exti.c...
compiling stm32f10x_tim.c...
compiling stm32f10x_adc.c...
compiling led.c...
compiling systick.c...
compiling pwm.c...
compiling rs485.c...
compiling printf.c...
compiling iic.c...
compiling AT24CXX.c...
compiling ds18b20.c...
compiling adc.c...
compiling beep.c...
compiling time.c...
compiling smg.c...
compiling exti.c...
compiling key.c...
compiling hwjs.c...
compiling usart.c...
linking...
Program Size: Code=9412 RO-data=336 RW-data=56 ZI-data=1024  
FromELF: creating hex file...
".\output\工程模板.axf" - 0 Error(s), 0 Warning(s).
</pre>
</body>
</html>

".\output\工程模板.axf" - 3 Error(s), 0 Warning(s).
Target not created
