<html>
<body>
<pre>
<h1>礦ision Build Log</h1>
<h2>Project:</h2>
J:\普中STM32-V1.0光盘资料\实验程序\库函数版\实验16：红外遥控printf输出\工程模板\Template.uvproj
Project File Date:  11/11/2015

<h2>Output:</h2>
Build target 'Target 1'
compiling main.c...
compiling stm32f10x_it.c...
compiling public.c...
compiling core_cm3.c...
compiling system_stm32f10x.c...
compiling stm32f10x_gpio.c...
compiling stm32f10x_rcc.c...
compiling stm32f10x_usart.c...
compiling misc.c...
compiling stm32f10x_exti.c...
compiling stm32f10x_tim.c...
compiling stm32f10x_adc.c...
compiling led.c...
compiling beep.c...
compiling systick.c...
compiling key.c...
compiling usart.c...
compiling exti.c...
compiling smg.c...
compiling time.c...
compiling pwm.c...
compiling rs485.c...
compiling printf.c...
compiling iic.c...
compiling AT24CXX.c...
compiling ds18b20.c...
compiling adc.c...
compiling hwjs.c...
linking...
Program Size: Code=9356 RO-data=336 RW-data=56 ZI-data=1024  
FromELF: creating hex file...
".\output\工程模板.axf" - 0 Error(s), 0 Warning(s).
